// Jest Snapshot v1, https://goo.gl/fbAQLP

exports[`<SuspenseLoader /> should render and match the snapshot 1`] = `
<div
  data-testid="suspense-loader"
  id="preloader"
>
  <div
    id="loader"
  />
</div>
`;
