// Jest Snapshot v1, https://goo.gl/fbAQLP

exports[`<Filter /> should render and match the snapshot 1`] = `
<React.Fragment>
  <h1
    className="heading"
  >
    Airlines
  </h1>
  <div
    className="subheading"
  >
    Filter by Alliance
  </div>
  <div
    className="filter-wrapper"
  >
    <CheckBox
      label="Oneworld"
      name="Oneworld"
      onChange={[Function]}
      value="OW"
    />
    <CheckBox
      label="Sky Team"
      name="Sky Team"
      onChange={[Function]}
      value="ST"
    />
    <CheckBox
      label="Star Alliance"
      name="Star Alliance"
      onChange={[Function]}
      value="SA"
    />
  </div>
</React.Fragment>
`;
