// Jest Snapshot v1, https://goo.gl/fbAQLP

exports[`<Header /> should render and match the snapshot 1`] = `
<header
  className="header"
>
  <SvgIcon
    icon="KayakLogoIcon"
  />
</header>
`;
