// Jest Snapshot v1, https://goo.gl/fbAQLP

exports[`<SvgIcon /> should render and match the snapshot 1`] = `
<ForwardRef(SvgKayakLogo)
  aria-hidden="true"
/>
`;
